2018-06-19 21:07:14,051 78643 WARN  o.s.s.e.u.m.component.ProductsCache - Ignore deactivated product Product(id=164, sku=L3504, brandId=2, categories=[16], productImageUrls=[/b/_/b_23.jpg, /i/_/i_7.jpg, /j/_/j_6.jpg, /a/_/a_22.jpg], activated=false)
2018-06-19 21:07:14,051 78643 WARN  o.s.s.e.u.m.component.ProductsCache - Ignore deactivated product Product(id=342, sku=_L3504, brandId=2, categories=[39], productImageUrls=[/b/_/b_33_4.jpg, /j/_/j_6_8.jpg, /i/_/i_8_3.jpg, /a/_/a_34_5.jpg], activated=false)
2018-06-19 21:07:14,051 78643 WARN  o.s.s.e.u.m.component.ProductsCache - Ignore deactivated product Product(id=532, sku=_L341004, brandId=2, categories=[39], productImageUrls=[no_selection], activated=false)
2018-06-19 21:07:14,052 78644 WARN  o.s.s.e.u.m.component.ProductsCache - Ignore deactivated product Product(id=2282, sku=L48026DV, brandId=2, categories=[66], productImageUrls=[/3/x/3x1_watt_dim_a_2.jpg, /3/x/3x1_watt_dim_b_2.jpg], activated=false)
2018-06-19 21:07:14,052 78644 WARN  o.s.s.e.u.m.component.ProductsCache - Ignore deactivated product Product(id=2703, sku=_L48026DV, brandId=2, categories=[71], productImageUrls=[/w/e/wei__2_1_1_2.jpg, /w/e/wei_2_2_1_1_2.jpg], activated=false)
2018-06-19 21:07:14,052 78644 WARN  o.s.s.e.u.m.component.ProductsCache - Ignore deactivated product Product(id=581, sku=L3506, brandId=2, categories=[16], productImageUrls=[/c/_/c_21.jpg, /j/_/j_6_5.jpg, /i/_/i_7_5.jpg, /a/_/a_22_5.jpg], activated=false)
2018-06-19 21:07:14,052 78644 WARN  o.s.s.e.u.m.component.ProductsCache - Ignore deactivated product Product(id=2892, sku=_L3506, brandId=2, categories=[39], productImageUrls=[/c/_/c_31_4.jpg, /j/_/j_6_8_1.jpg, /i/_/i_8_3_1.jpg, /a/_/a_34_5_1.jpg], activated=false)
2018-06-19 21:07:14,052 78644 WARN  o.s.s.e.u.m.component.ProductsCache - Ignore deactivated product Product(id=165, sku=L3501, brandId=2, categories=[16], productImageUrls=[/d/_/d_18.jpg, /j/_/j_6_1.jpg, /a/_/a_22_1.jpg, /i/_/i_7_1.jpg], activated=false)
2018-06-19 21:07:14,053 78645 WARN  o.s.s.e.u.m.component.ProductsCache - Ignore deactivated product Product(id=2893, sku=_L3501, brandId=2, categories=[39], productImageUrls=[/d/_/d_28_4.jpg, /j/_/j_6_8_2.jpg, /i/_/i_8_3_2.jpg, /a/_/a_34_5_2.jpg], activated=false)
2018-06-19 21:07:14,053 78645 WARN  o.s.s.e.u.m.component.ProductsCache - Ignore deactivated product Product(id=167, sku=L3502, brandId=2, categories=[16], productImageUrls=[/e/_/e_20.jpg, /a/_/a_22_2.jpg, /i/_/i_7_2.jpg, /j/_/j_6_2.jpg], activated=false)
2018-06-19 21:07:14,053 78645 WARN  o.s.s.e.u.m.component.ProductsCache - Ignore deactivated product Product(id=2894, sku=_L3502, brandId=2, categories=[39], productImageUrls=[/e/_/e_29_1.jpg, /j/_/j_6_8_2_1.jpg, /i/_/i_8_3_2_1.jpg, /a/_/a_34_5_2_1.jpg], activated=false)
2018-06-19 21:07:14,053 78645 WARN  o.s.s.e.u.m.component.ProductsCache - Ignore deactivated product Product(id=170, sku=L3503, brandId=2, categories=[16], productImageUrls=[/f/_/f_19.jpg, /a/_/a_22_3.jpg, /i/_/i_7_3.jpg, /j/_/j_6_3.jpg], activated=false)
2018-06-19 21:07:14,053 78645 WARN  o.s.s.e.u.m.component.ProductsCache - Ignore deactivated product Product(id=2895, sku=_L3503, brandId=2, categories=[39], productImageUrls=[/f/_/f_28_1.jpg, /j/_/j_6_8_2_1_1.jpg, /i/_/i_8_3_2_1_1.jpg, /a/_/a_34_5_2_1_1.jpg], activated=false)
2018-06-19 21:07:14,053 78645 WARN  o.s.s.e.u.m.component.ProductsCache - Ignore deactivated product Product(id=171, sku=L3505, brandId=2, categories=[16], productImageUrls=[/g/_/g_16.jpg, /i/_/i_7_4.jpg, /j/_/j_6_4.jpg, /a/_/a_22_4.jpg], activated=false)
2018-06-19 21:07:14,053 78645 WARN  o.s.s.e.u.m.component.ProductsCache - Ignore deactivated product Product(id=2896, sku=_L3505, brandId=2, categories=[39], productImageUrls=[/g/_/g_21_1.jpg, /j/_/j_6_8_2_1_1_1.jpg, /i/_/i_8_3_2_1_1_1.jpg, /a/_/a_34_5_2_1_1_1.jpg], activated=false)
2018-06-19 21:07:14,053 78645 WARN  o.s.s.e.u.m.component.ProductsCache - Ignore deactivated product Product(id=584, sku=L3507, brandId=2, categories=[16], productImageUrls=[/h/_/h_14_1.jpg, /j/_/j_6_6.jpg, /a/_/a_22_6.jpg, /i/_/i_7_6.jpg], activated=false)
2018-06-19 21:07:14,054 78646 WARN  o.s.s.e.u.m.component.ProductsCache - Ignore deactivated product Product(id=2897, sku=_L3507, brandId=2, categories=[39], productImageUrls=[/h/_/h_17_1.jpg, /j/_/j_6_8_2_1_1_1_1.jpg, /i/_/i_8_3_2_1_1_1_1.jpg, /a/_/a_34_5_2_1_1_1_1.jpg], activated=false)
2018-06-19 21:07:14,054 78646 WARN  o.s.s.e.u.m.component.ProductsCache - Ignore deactivated product Product(id=586, sku=L3406, brandId=2, categories=[16], productImageUrls=[/c/_/c_20.jpg, /i/_/i_6_5.jpg, /a/_/a_21_5.jpg, /j/_/j_5_5.jpg], activated=false)
2018-06-19 21:07:14,054 78646 WARN  o.s.s.e.u.m.component.ProductsCache - Ignore deactivated product Product(id=2898, sku=_L3406, brandId=2, categories=[39], productImageUrls=[/c/_/c_31_5.jpg, /a/_/a_34_6_1.jpg, /i/_/i_8_4_1.jpg, /j/_/j_6_9_1.jpg], activated=false)
2018-06-19 21:07:14,054 78646 WARN  o.s.s.e.u.m.component.ProductsCache - Ignore deactivated product Product(id=166, sku=L3401, brandId=2, categories=[16], productImageUrls=[/d/_/d_17.jpg, /j/_/j_5_1.jpg, /i/_/i_6_1.jpg, /a/_/a_21_1.jpg], activated=false)
2018-06-19 21:07:14,054 78646 WARN  o.s.s.e.u.m.component.ProductsCache - Ignore deactivated product Product(id=2899, sku=_L3401, brandId=2, categories=[39], productImageUrls=[/d/_/d_28_5.jpg, /a/_/a_34_6_2.jpg, /i/_/i_8_4_2.jpg, /j/_/j_6_9_2.jpg], activated=false)
2018-06-19 21:07:14,055 78647 WARN  o.s.s.e.u.m.component.ProductsCache - Ignore deactivated product Product(id=168, sku=L3402, brandId=2, categories=[16], productImageUrls=[/e/_/e_19.jpg, /j/_/j_5_2.jpg, /a/_/a_21_2.jpg, /i/_/i_6_2.jpg], activated=false)
2018-06-19 21:07:14,055 78647 WARN  o.s.s.e.u.m.component.ProductsCache - Ignore deactivated product Product(id=2900, sku=_L3402, brandId=2, categories=[39], productImageUrls=[/e/_/e_29_2.jpg, /a/_/a_34_6_2_1.jpg, /i/_/i_8_4_2_1.jpg, /j/_/j_6_9_2_1.jpg], activated=false)
2018-06-19 21:07:14,055 78647 WARN  o.s.s.e.u.m.component.ProductsCache - Ignore deactivated product Product(id=169, sku=L3403, brandId=2, categories=[16], productImageUrls=[/f/_/f_18.jpg, /j/_/j_5_3.jpg, /a/_/a_21_3.jpg, /i/_/i_6_3.jpg], activated=false)
2018-06-19 21:07:14,055 78647 WARN  o.s.s.e.u.m.component.ProductsCache - Ignore deactivated product Product(id=2901, sku=_L3403, brandId=2, categories=[39], productImageUrls=[/f/_/f_28_2.jpg, /a/_/a_34_6_2_1_1.jpg, /i/_/i_8_4_2_1_1.jpg, /j/_/j_6_9_2_1_1.jpg], activated=false)
2018-06-19 21:07:14,055 78647 WARN  o.s.s.e.u.m.component.ProductsCache - Ignore deactivated product Product(id=588, sku=L3407, brandId=2, categories=[16], productImageUrls=[/h/_/h_14.jpg, /j/_/j_5_6.jpg, /i/_/i_6_6.jpg, /a/_/a_21_6.jpg], activated=false)
2018-06-19 21:07:14,055 78647 WARN  o.s.s.e.u.m.component.ProductsCache - Ignore deactivated product Product(id=2903, sku=_L3407, brandId=2, categories=[39], productImageUrls=[/h/_/h_17_2.jpg, /a/_/a_34_6_2_1_1_1_1.jpg, /i/_/i_8_4_2_1_1_1_1.jpg, /j/_/j_6_9_2_1_1_1_1.jpg], activated=false)
2018-06-19 21:07:14,056 78648 WARN  o.s.s.e.u.m.component.ProductsCache - Ignore deactivated product Product(id=172, sku=L3405, brandId=2, categories=[16], productImageUrls=[/g/_/g_15.jpg, /i/_/i_6_4.jpg, /a/_/a_21_4.jpg, /j/_/j_5_4.jpg], activated=false)
2018-06-19 21:07:14,056 78648 WARN  o.s.s.e.u.m.component.ProductsCache - Ignore deactivated product Product(id=3107, sku=_L3405, brandId=2, categories=[39], productImageUrls=[/4/0/400x400-7_75.jpg, /a/_/a_34_6_2_1_2.jpg, /i/_/i_8_4_2_1_2.jpg, /j/_/j_6_9_2_1_2.jpg], activated=false)
2018-06-19 21:07:14,056 78648 WARN  o.s.s.e.u.m.component.ProductsCache - Ignore deactivated product Product(id=2297, sku=L6020S, brandId=2, categories=[11], productImageUrls=[/6/2/620x400-1_de4822_1.jpg, /6/2/620x400-3_60_1.jpg, /6/2/620x400-5_16_1.jpg, /b/i/big_8f9d36_1.jpg, /6/2/620x400-6_10_1.jpg, /6/2/620x400-4_30_1.jpg, /t/_/t_1.jpg], activated=false)
2018-06-19 21:07:14,056 78648 WARN  o.s.s.e.u.m.component.ProductsCache - Ignore deactivated product Product(id=3264, sku=51839000, brandId=2, categories=[19], productImageUrls=[/5/1/51839000a.jpg, /5/1/51839000l.jpg, /5/1/51839000c.jpg, /5/1/51839000n.jpg, /5/1/51839000k.jpg, /5/1/51839000m.jpg, /5/1/51839000e.jpg, /5/1/51839000h.jpg, /5/1/51839000b.jpg, /5/1/51839000d.jpg, /5/1/51839000j.jpg, /5/1/51839000f.jpg], activated=false)
2018-06-19 21:07:14,056 78648 WARN  o.s.s.e.u.m.component.ProductsCache - Ignore deactivated product Product(id=3265, sku=51839005, brandId=2, categories=[19], productImageUrls=[/5/1/51839005a.jpg, /5/1/51839005f.jpg, /5/1/51839005c.jpg, /5/1/51839005d.jpg, /5/1/51839005q.jpg, /5/1/51839005b.jpg, /5/1/51839005r.jpg, /5/1/51839005n.jpg, /5/1/51839005e.jpg, /5/1/51839005j.jpg, /5/1/51839005p.jpg], activated=false)
2018-06-19 21:07:14,057 78649 ERROR o.s.s.e.u.m.component.ProductsCache - Ignore already fetched product with id Product(id=3316, sku=L690S3MX, brandId=2, categories=[89, 110], productImageUrls=[/a/a/aaa_5_2_3.jpg, /a/l/alu_profil_m-line_a_1_2_3.jpg, /a/l/alu_profil_m-line_ad_7_2_3.jpg, /a/_/a_20.jpg], activated=true)
2018-06-19 21:07:14,057 78649 ERROR o.s.s.e.u.m.component.ProductsCache - Ignore already fetched product with id Product(id=3316, sku=L690S3MX, brandId=2, categories=[89, 110], productImageUrls=[/a/a/aaa_5_2_3.jpg, /a/l/alu_profil_m-line_a_1_2_3.jpg, /a/l/alu_profil_m-line_ad_7_2_3.jpg, /a/_/a_20.jpg], activated=true)
2018-06-19 21:07:14,057 78649 WARN  o.s.s.e.u.m.component.ProductsCache - Ignore deactivated product Product(id=3482, sku=_51918300, brandId=2, categories=[43], productImageUrls=[/u/n/unbenannt1_2_1.png, /l/e/led_d-20_hybrid_beam_effect1_1.png, /l/e/led_d-20_hybrid_beam_effect2_1.png], activated=false)
2018-06-19 21:07:14,058 78650 ERROR o.s.s.e.u.m.component.ProductsCache - Ignore already fetched product with id Product(id=1647, sku=L48036P, brandId=2, categories=[66], productImageUrls=[/6/_/6_9.jpg, /7/_/7_4.jpg], activated=true)
2018-06-19 21:07:14,058 78650 ERROR o.s.s.e.u.m.component.ProductsCache - Ignore already fetched product with id Product(id=1648, sku=L47236P, brandId=2, categories=[67], productImageUrls=[/8/_/8_3.jpg, /9/_/9_1_1.jpg], activated=true)
2018-06-19 21:07:14,058 78650 ERROR o.s.s.e.u.m.component.ProductsCache - Ignore already fetched product with id Product(id=1649, sku=L47246P, brandId=2, categories=[67], productImageUrls=[/1/0/10_1_1.jpg, /1/1/11_1_1.jpg], activated=true)
